// Jest Snapshot v1, https://goo.gl/fbAQLP

exports[`renders correctly 1`] = `
<div>
  <h1>
    Maungawhau Institute of Studies (MIS)
  </h1>
  <h2>
    Homepage
  </h2>
</div>
`;
